// Jest Snapshot v1, https://goo.gl/fbAQLP

exports[`SideMenu should render successfully 1`] = `
ShallowWrapper {
  "length": 1,
  Symbol(enzyme.__root__): [Circular],
  Symbol(enzyme.__unrendered__): <SideMenu />,
  Symbol(enzyme.__renderer__): Object {
    "batchedUpdates": [Function],
    "getNode": [Function],
    "render": [Function],
    "simulateEvent": [Function],
    "unmount": [Function],
  },
  Symbol(enzyme.__node__): Object {
    "instance": null,
    "key": undefined,
    "nodeType": "class",
    "props": Object {
      "children": Array [
        <MenuItem
          anchorOrigin={
                    Object {
                              "horizontal": "right",
                              "vertical": "top",
                            }
          }
          checked={false}
          desktop={false}
          disabled={false}
          focusState="none"
          insetChildren={false}
          targetOrigin={
                    Object {
                              "horizontal": "left",
                              "vertical": "top",
                            }
          }
>
          Home
</MenuItem>,
        <Divider
          inset={false}
/>,
        <MenuItem
          anchorOrigin={
                    Object {
                              "horizontal": "right",
                              "vertical": "top",
                            }
          }
          checked={false}
          desktop={false}
          disabled={false}
          focusState="none"
          insetChildren={false}
          targetOrigin={
                    Object {
                              "horizontal": "left",
                              "vertical": "top",
                            }
          }
>
          My Applications
</MenuItem>,
        <MenuItem
          anchorOrigin={
                    Object {
                              "horizontal": "right",
                              "vertical": "top",
                            }
          }
          checked={false}
          desktop={false}
          disabled={false}
          focusState="none"
          insetChildren={false}
          targetOrigin={
                    Object {
                              "horizontal": "left",
                              "vertical": "top",
                            }
          }
>
          My Proposals
</MenuItem>,
      ],
      "disableSwipeToOpen": false,
      "docked": true,
      "open": null,
      "openSecondary": false,
      "swipeAreaWidth": 30,
      "width": null,
      "zDepth": 2,
    },
    "ref": null,
    "rendered": Array [
      Object {
        "instance": null,
        "key": undefined,
        "nodeType": "class",
        "props": Object {
          "anchorOrigin": Object {
            "horizontal": "right",
            "vertical": "top",
          },
          "checked": false,
          "children": "Home",
          "desktop": false,
          "disabled": false,
          "focusState": "none",
          "insetChildren": false,
          "targetOrigin": Object {
            "horizontal": "left",
            "vertical": "top",
          },
        },
        "ref": null,
        "rendered": "Home",
        "type": [Function],
      },
      Object {
        "instance": null,
        "key": undefined,
        "nodeType": "function",
        "props": Object {
          "inset": false,
        },
        "ref": null,
        "rendered": null,
        "type": [Function],
      },
      Object {
        "instance": null,
        "key": undefined,
        "nodeType": "class",
        "props": Object {
          "anchorOrigin": Object {
            "horizontal": "right",
            "vertical": "top",
          },
          "checked": false,
          "children": "My Applications",
          "desktop": false,
          "disabled": false,
          "focusState": "none",
          "insetChildren": false,
          "targetOrigin": Object {
            "horizontal": "left",
            "vertical": "top",
          },
        },
        "ref": null,
        "rendered": "My Applications",
        "type": [Function],
      },
      Object {
        "instance": null,
        "key": undefined,
        "nodeType": "class",
        "props": Object {
          "anchorOrigin": Object {
            "horizontal": "right",
            "vertical": "top",
          },
          "checked": false,
          "children": "My Proposals",
          "desktop": false,
          "disabled": false,
          "focusState": "none",
          "insetChildren": false,
          "targetOrigin": Object {
            "horizontal": "left",
            "vertical": "top",
          },
        },
        "ref": null,
        "rendered": "My Proposals",
        "type": [Function],
      },
    ],
    "type": [Function],
  },
  Symbol(enzyme.__nodes__): Array [
    Object {
      "instance": null,
      "key": undefined,
      "nodeType": "class",
      "props": Object {
        "children": Array [
          <MenuItem
            anchorOrigin={
                        Object {
                                    "horizontal": "right",
                                    "vertical": "top",
                                  }
            }
            checked={false}
            desktop={false}
            disabled={false}
            focusState="none"
            insetChildren={false}
            targetOrigin={
                        Object {
                                    "horizontal": "left",
                                    "vertical": "top",
                                  }
            }
>
            Home
</MenuItem>,
          <Divider
            inset={false}
/>,
          <MenuItem
            anchorOrigin={
                        Object {
                                    "horizontal": "right",
                                    "vertical": "top",
                                  }
            }
            checked={false}
            desktop={false}
            disabled={false}
            focusState="none"
            insetChildren={false}
            targetOrigin={
                        Object {
                                    "horizontal": "left",
                                    "vertical": "top",
                                  }
            }
>
            My Applications
</MenuItem>,
          <MenuItem
            anchorOrigin={
                        Object {
                                    "horizontal": "right",
                                    "vertical": "top",
                                  }
            }
            checked={false}
            desktop={false}
            disabled={false}
            focusState="none"
            insetChildren={false}
            targetOrigin={
                        Object {
                                    "horizontal": "left",
                                    "vertical": "top",
                                  }
            }
>
            My Proposals
</MenuItem>,
        ],
        "disableSwipeToOpen": false,
        "docked": true,
        "open": null,
        "openSecondary": false,
        "swipeAreaWidth": 30,
        "width": null,
        "zDepth": 2,
      },
      "ref": null,
      "rendered": Array [
        Object {
          "instance": null,
          "key": undefined,
          "nodeType": "class",
          "props": Object {
            "anchorOrigin": Object {
              "horizontal": "right",
              "vertical": "top",
            },
            "checked": false,
            "children": "Home",
            "desktop": false,
            "disabled": false,
            "focusState": "none",
            "insetChildren": false,
            "targetOrigin": Object {
              "horizontal": "left",
              "vertical": "top",
            },
          },
          "ref": null,
          "rendered": "Home",
          "type": [Function],
        },
        Object {
          "instance": null,
          "key": undefined,
          "nodeType": "function",
          "props": Object {
            "inset": false,
          },
          "ref": null,
          "rendered": null,
          "type": [Function],
        },
        Object {
          "instance": null,
          "key": undefined,
          "nodeType": "class",
          "props": Object {
            "anchorOrigin": Object {
              "horizontal": "right",
              "vertical": "top",
            },
            "checked": false,
            "children": "My Applications",
            "desktop": false,
            "disabled": false,
            "focusState": "none",
            "insetChildren": false,
            "targetOrigin": Object {
              "horizontal": "left",
              "vertical": "top",
            },
          },
          "ref": null,
          "rendered": "My Applications",
          "type": [Function],
        },
        Object {
          "instance": null,
          "key": undefined,
          "nodeType": "class",
          "props": Object {
            "anchorOrigin": Object {
              "horizontal": "right",
              "vertical": "top",
            },
            "checked": false,
            "children": "My Proposals",
            "desktop": false,
            "disabled": false,
            "focusState": "none",
            "insetChildren": false,
            "targetOrigin": Object {
              "horizontal": "left",
              "vertical": "top",
            },
          },
          "ref": null,
          "rendered": "My Proposals",
          "type": [Function],
        },
      ],
      "type": [Function],
    },
  ],
  Symbol(enzyme.__options__): Object {
    "adapter": ReactSixteenAdapter {
      "options": Object {
        "enableComponentDidUpdateOnSetState": true,
      },
    },
  },
}
`;
