// Jest Snapshot v1, https://goo.gl/fbAQLP

exports[`MyCategories should renderr successfully 1`] = `
ShallowWrapper {
  "length": 1,
  Symbol(enzyme.__root__): [Circular],
  Symbol(enzyme.__unrendered__): <MyCategories
    categories={
        Array [
            "Web Development",
            "Web & Mobile Design",
            "Scripts & Utilities",
            "Desktop Software Development",
            "Quality Assurance",
            "Frontend Web Development",
            "Network Engineering",
          ]
    }
/>,
  Symbol(enzyme.__renderer__): Object {
    "batchedUpdates": [Function],
    "getNode": [Function],
    "render": [Function],
    "simulateEvent": [Function],
    "unmount": [Function],
  },
  Symbol(enzyme.__node__): Object {
    "instance": null,
    "key": undefined,
    "nodeType": "function",
    "props": Object {
      "children": Array [
        <MenuItem
          anchorOrigin={
                    Object {
                              "horizontal": "right",
                              "vertical": "top",
                            }
          }
          checked={false}
          desktop={false}
          disabled={false}
          focusState="none"
          insetChildren={false}
          targetOrigin={
                    Object {
                              "horizontal": "left",
                              "vertical": "top",
                            }
          }
>
          MY CATEGORIES
</MenuItem>,
        <ul>
          <li>
                    Web Development
          </li>
          <li>
                    Web & Mobile Design
          </li>
          <li>
                    Scripts & Utilities
          </li>
          <li>
                    Desktop Software Development
          </li>
          <li>
                    Quality Assurance
          </li>
          <li>
                    Frontend Web Development
          </li>
          <li>
                    Network Engineering
          </li>
</ul>,
      ],
    },
    "ref": null,
    "rendered": Array [
      Object {
        "instance": null,
        "key": undefined,
        "nodeType": "class",
        "props": Object {
          "anchorOrigin": Object {
            "horizontal": "right",
            "vertical": "top",
          },
          "checked": false,
          "children": "MY CATEGORIES",
          "desktop": false,
          "disabled": false,
          "focusState": "none",
          "insetChildren": false,
          "targetOrigin": Object {
            "horizontal": "left",
            "vertical": "top",
          },
        },
        "ref": null,
        "rendered": "MY CATEGORIES",
        "type": [Function],
      },
      Object {
        "instance": null,
        "key": undefined,
        "nodeType": "host",
        "props": Object {
          "children": Array [
            <li>
              Web Development
</li>,
            <li>
              Web & Mobile Design
</li>,
            <li>
              Scripts & Utilities
</li>,
            <li>
              Desktop Software Development
</li>,
            <li>
              Quality Assurance
</li>,
            <li>
              Frontend Web Development
</li>,
            <li>
              Network Engineering
</li>,
          ],
        },
        "ref": null,
        "rendered": Array [
          Object {
            "instance": null,
            "key": undefined,
            "nodeType": "host",
            "props": Object {
              "children": "Web Development",
            },
            "ref": null,
            "rendered": "Web Development",
            "type": "li",
          },
          Object {
            "instance": null,
            "key": undefined,
            "nodeType": "host",
            "props": Object {
              "children": "Web & Mobile Design",
            },
            "ref": null,
            "rendered": "Web & Mobile Design",
            "type": "li",
          },
          Object {
            "instance": null,
            "key": undefined,
            "nodeType": "host",
            "props": Object {
              "children": "Scripts & Utilities",
            },
            "ref": null,
            "rendered": "Scripts & Utilities",
            "type": "li",
          },
          Object {
            "instance": null,
            "key": undefined,
            "nodeType": "host",
            "props": Object {
              "children": "Desktop Software Development",
            },
            "ref": null,
            "rendered": "Desktop Software Development",
            "type": "li",
          },
          Object {
            "instance": null,
            "key": undefined,
            "nodeType": "host",
            "props": Object {
              "children": "Quality Assurance",
            },
            "ref": null,
            "rendered": "Quality Assurance",
            "type": "li",
          },
          Object {
            "instance": null,
            "key": undefined,
            "nodeType": "host",
            "props": Object {
              "children": "Frontend Web Development",
            },
            "ref": null,
            "rendered": "Frontend Web Development",
            "type": "li",
          },
          Object {
            "instance": null,
            "key": undefined,
            "nodeType": "host",
            "props": Object {
              "children": "Network Engineering",
            },
            "ref": null,
            "rendered": "Network Engineering",
            "type": "li",
          },
        ],
        "type": "ul",
      },
    ],
    "type": Symbol(react.fragment),
  },
  Symbol(enzyme.__nodes__): Array [
    Object {
      "instance": null,
      "key": undefined,
      "nodeType": "function",
      "props": Object {
        "children": Array [
          <MenuItem
            anchorOrigin={
                        Object {
                                    "horizontal": "right",
                                    "vertical": "top",
                                  }
            }
            checked={false}
            desktop={false}
            disabled={false}
            focusState="none"
            insetChildren={false}
            targetOrigin={
                        Object {
                                    "horizontal": "left",
                                    "vertical": "top",
                                  }
            }
>
            MY CATEGORIES
</MenuItem>,
          <ul>
            <li>
                        Web Development
            </li>
            <li>
                        Web & Mobile Design
            </li>
            <li>
                        Scripts & Utilities
            </li>
            <li>
                        Desktop Software Development
            </li>
            <li>
                        Quality Assurance
            </li>
            <li>
                        Frontend Web Development
            </li>
            <li>
                        Network Engineering
            </li>
</ul>,
        ],
      },
      "ref": null,
      "rendered": Array [
        Object {
          "instance": null,
          "key": undefined,
          "nodeType": "class",
          "props": Object {
            "anchorOrigin": Object {
              "horizontal": "right",
              "vertical": "top",
            },
            "checked": false,
            "children": "MY CATEGORIES",
            "desktop": false,
            "disabled": false,
            "focusState": "none",
            "insetChildren": false,
            "targetOrigin": Object {
              "horizontal": "left",
              "vertical": "top",
            },
          },
          "ref": null,
          "rendered": "MY CATEGORIES",
          "type": [Function],
        },
        Object {
          "instance": null,
          "key": undefined,
          "nodeType": "host",
          "props": Object {
            "children": Array [
              <li>
                Web Development
</li>,
              <li>
                Web & Mobile Design
</li>,
              <li>
                Scripts & Utilities
</li>,
              <li>
                Desktop Software Development
</li>,
              <li>
                Quality Assurance
</li>,
              <li>
                Frontend Web Development
</li>,
              <li>
                Network Engineering
</li>,
            ],
          },
          "ref": null,
          "rendered": Array [
            Object {
              "instance": null,
              "key": undefined,
              "nodeType": "host",
              "props": Object {
                "children": "Web Development",
              },
              "ref": null,
              "rendered": "Web Development",
              "type": "li",
            },
            Object {
              "instance": null,
              "key": undefined,
              "nodeType": "host",
              "props": Object {
                "children": "Web & Mobile Design",
              },
              "ref": null,
              "rendered": "Web & Mobile Design",
              "type": "li",
            },
            Object {
              "instance": null,
              "key": undefined,
              "nodeType": "host",
              "props": Object {
                "children": "Scripts & Utilities",
              },
              "ref": null,
              "rendered": "Scripts & Utilities",
              "type": "li",
            },
            Object {
              "instance": null,
              "key": undefined,
              "nodeType": "host",
              "props": Object {
                "children": "Desktop Software Development",
              },
              "ref": null,
              "rendered": "Desktop Software Development",
              "type": "li",
            },
            Object {
              "instance": null,
              "key": undefined,
              "nodeType": "host",
              "props": Object {
                "children": "Quality Assurance",
              },
              "ref": null,
              "rendered": "Quality Assurance",
              "type": "li",
            },
            Object {
              "instance": null,
              "key": undefined,
              "nodeType": "host",
              "props": Object {
                "children": "Frontend Web Development",
              },
              "ref": null,
              "rendered": "Frontend Web Development",
              "type": "li",
            },
            Object {
              "instance": null,
              "key": undefined,
              "nodeType": "host",
              "props": Object {
                "children": "Network Engineering",
              },
              "ref": null,
              "rendered": "Network Engineering",
              "type": "li",
            },
          ],
          "type": "ul",
        },
      ],
      "type": Symbol(react.fragment),
    },
  ],
  Symbol(enzyme.__options__): Object {
    "adapter": ReactSixteenAdapter {
      "options": Object {
        "enableComponentDidUpdateOnSetState": true,
      },
    },
  },
}
`;
